! Dlugi Tani; Dlugi Tani
! Dlugi Tani; Dlugi Tani; Dlugi Tani
5
